../Core/Src/main.c:109:5:main	16	static
../Core/Src/main.c:239:6:SystemClock_Config	160	static
../Core/Src/main.c:292:6:displayNormal	32	static
../Core/Src/main.c:300:6:displayOverheat	8	static
../Core/Src/main.c:307:6:sendData	56	static
../Core/Src/main.c:313:6:setDir	8	static
../Core/Src/main.c:326:6:temp	8	static
../Core/Src/main.c:336:6:pid	16	static
../Core/Src/main.c:351:6:countRPM	8	static
../Core/Src/main.c:363:10:procesData	16	static
../Core/Src/main.c:384:6:HAL_UARTEx_RxEventCallback	16	static
../Core/Src/main.c:392:6:HAL_TIM_PeriodElapsedCallback	16	static
../Core/Src/main.c:405:6:Error_Handler	4	static,ignoring_inline_asm
