../Core/Src/main.c:109:5:main	16	static
../Core/Src/main.c:233:6:SystemClock_Config	160	static
../Core/Src/main.c:286:6:displayNormal	32	static
../Core/Src/main.c:294:6:displayOverheat	8	static
../Core/Src/main.c:301:6:sendData	56	static
../Core/Src/main.c:307:6:setDir	8	static
../Core/Src/main.c:320:6:temp	8	static
../Core/Src/main.c:330:6:pid	16	static
../Core/Src/main.c:345:6:countRPM	8	static
../Core/Src/main.c:357:10:procesData	8	static
../Core/Src/main.c:374:6:HAL_UARTEx_RxEventCallback	16	static
../Core/Src/main.c:382:6:HAL_TIM_PeriodElapsedCallback	16	static
../Core/Src/main.c:395:6:Error_Handler	4	static,ignoring_inline_asm
